Microchip MPLAB XC8 Compiler V2.45

Linker command line:

-W-3 \
  --edf=C:\Program Files\Microchip\xc8\v2.45\pic\dat\20230818022343_en.msgs \
  -cn -h+dist/default/debug\Calculator.X.debug.sym \
  --cmf=dist/default/debug\Calculator.X.debug.cmf -z -Q18F4620 \
  -oC:\Users\lenovo\AppData\Local\Temp\xcAssas.\driver_tmp_3.o \
  --defsym=__MPLAB_BUILD=1 --fixupoverflow=error \
  -Mdist/default/debug/Calculator.X.debug.map \
  --md=C:\Users\lenovo\AppData\Local\Temp\xcAssas.\driver_tmp_0.dat -E1 \
  -ver=XC8 Compiler --acfsm=1493 -ACODE=00h-0FFFFh -ACONST=00h-0FFFFh \
  -ASMALLCONST=01000h-010FFhx240 -AMEDIUMCONST=01000h-0FFFFh \
  -ACOMRAM=01h-07Fh -AABS1=00h-0F7Fh -ABIGRAM=01h-0F7Fh \
  -ARAM=080h-0FFh,0100h-01FFhx14,0F00h-0F7Fh -ABANK0=080h-0FFh \
  -ABANK1=0100h-01FFh -ABANK2=0200h-02FFh -ABANK3=0300h-03FFh \
  -ABANK4=0400h-04FFh -ABANK5=0500h-05FFh -ABANK6=0600h-06FFh \
  -ABANK7=0700h-07FFh -ABANK8=0800h-08FFh -ABANK9=0900h-09FFh \
  -ABANK10=0A00h-0AFFh -ABANK11=0B00h-0BFFh -ABANK12=0C00h-0CFFh \
  -ABANK13=0D00h-0DFFh -ABANK14=0E00h-0EFFh -ABANK15=0F00h-0F7Fh \
  -ASFR=0F80h-0FFFh -ABIGSFR=0F80h-0FFFh -ACONFIG=0300000h-030000Dh \
  -AIDLOC=0200000h-0200007h -AEEDATA=0F00000h-0F003FFh -peeprom_data=EEDATA \
  -preset_vec=00h,intcode=08h,intcodelo,powerup,init -pramtop=01000h \
  -psmallconst=SMALLCONST -pmediumconst=MEDIUMCONST -pconst=CONST \
  -AFARRAM=00h-00h \
  -prdata=COMRAM,nvrram=COMRAM,nvbit=COMRAM,rbss=COMRAM,rbit=COMRAM \
  -pfarbss=FARRAM,fardata=FARRAM,nvFARRAM=FARRAM \
  -pintsave_regs=BIGRAM,bigbss=BIGRAM,bigdata=BIGRAM -pbss=RAM \
  -pidata=CODE,irdata=CODE,ibigdata=CODE,ifardata=CODE -prparam=COMRAM \
  C:\Users\lenovo\AppData\Local\Temp\xcAssas.\driver_tmp_14.o \
  dist/default/debug\Calculator.X.debug.o 

Object code version is 3.11

Machine type is 18F4620



                Name                               Link     Load   Length Selector   Space Scale
C:\Users\lenovo\AppData\Local\Temp\xcAssas.\driver_tmp_14.o
                config                           300000   300000        E        0       4
                init                                  E        E        4        4       0
                reset_vec                             0        0        4        0       0
dist/default/debug\Calculator.X.debug.o
                intcode                               8        8        6        4       0
                config                           300000   300000        E        0       4
                temp                                 7F       7F        1        1       1
                smallconst                         1000     1000       56      800       0
                text38                             3E02     3E02        4     1EFD       0
                text37                             3DFE     3DFE        4     1EFD       0
                text36                             3DFA     3DFA        4     1EFD       0
                text35                             3DE2     3DE2        E     1E96       0
                intcode_body                       376A     376A       86      82B       0
                text33                             302A     302A      144      82B       0
                text32                             3D90     3D90       2C     1E96       0
                text31                             36D6     36D6       94      82B       0
                text30                             363E     363E       98      82B       0
                text29                             316E     316E      12C      82B       0
                text28                             39C8     39C8       6C      82B       0
                text27                             35A2     35A2       9C      82B       0
                text26                             3C6A     3C6A       48      82B       0
                text25                             395C     395C       6C      82B       0
                text24                             3B5E     3B5E       5E      82B       0
                text23                             2EE4     2EE4      146      82B       0
                text22                             2C48     2C48      152      82B       0
                text21                             3B00     3B00       5E      82B       0
                text20                             37F0     37F0       84      82B       0
                text19                             38E8     38E8       74      82B       0
                text18                             2888     2888      206      82B       0
                text17                             3874     3874       74      82B       0
                text16                             3504     3504       9E      82B       0
                text15                             3DBC     3DBC       26     1E96       0
                text14                             3A9E     3A9E       62      82B       0
                text13                             3D60     3D60       30     1E96       0
                text12                             329A     329A       F0      82B       0
                text11                             338A     338A       D0      82B       0
                text10                             3E06     3E06        2     1EFD       0
                text9                              345A     345A       AA      82B       0
                text8                              2562     2562      326      82B       0
                text7                              3CB2     3CB2       40      82B       0
                text6                              3D2C     3D2C       34     1E96       0
                text5                              3BBC     3BBC       5A      82B       0
                text4                              3C16     3C16       54      82B       0
                text3                              1F1A     1F1A      648      82B       0
                text2                              2A8E     2A8E      1BA      82B       0
                text1                              1056     1056      EC4      82B       0
                text0                              2D9A     2D9A      14A      82B       0
                cstackCOMRAM                          1        1       7A        1       1
                cstackBANK0                          80       80       53       80       1
                dataBANK1                           100      100       39      100       1
                bssBANK1                            139      139       26      100       1
                dataBANK0                            F7       F7        9       80       1
                bssBANK0                             D3       D3       24       80       1
                bssCOMRAM                            7B       7B        4        1       1
                cinit                              3A34     3A34       6A      82B       0
                nvBANK1                             15F      15F        1      100       1
                idataBANK1                         3CF2     3CF2       39      82B       0
                idataBANK0                         3DF0     3DF0        9     1E96       0

TOTAL           Name                               Link     Load   Length     Space
        CLASS   CODE           
                intcode                               8        8        6         0
                init                                  E        E        4         0
                reset_vec                             0        0        4         0
                text38                             3E02     3E02        4         0
                text37                             3DFE     3DFE        4         0
                text36                             3DFA     3DFA        4         0
                text35                             3DE2     3DE2        E         0
                intcode_body                       376A     376A       86         0
                text33                             302A     302A      144         0
                text32                             3D90     3D90       2C         0
                text31                             36D6     36D6       94         0
                text30                             363E     363E       98         0
                text29                             316E     316E      12C         0
                text28                             39C8     39C8       6C         0
                text27                             35A2     35A2       9C         0
                text26                             3C6A     3C6A       48         0
                text25                             395C     395C       6C         0
                text24                             3B5E     3B5E       5E         0
                text23                             2EE4     2EE4      146         0
                text22                             2C48     2C48      152         0
                text21                             3B00     3B00       5E         0
                text20                             37F0     37F0       84         0
                text19                             38E8     38E8       74         0
                text18                             2888     2888      206         0
                text17                             3874     3874       74         0
                text16                             3504     3504       9E         0
                text15                             3DBC     3DBC       26         0
                text14                             3A9E     3A9E       62         0
                text13                             3D60     3D60       30         0
                text12                             329A     329A       F0         0
                text11                             338A     338A       D0         0
                text10                             3E06     3E06        2         0
                text9                              345A     345A       AA         0
                text8                              2562     2562      326         0
                text7                              3CB2     3CB2       40         0
                text6                              3D2C     3D2C       34         0
                text5                              3BBC     3BBC       5A         0
                text4                              3C16     3C16       54         0
                text3                              1F1A     1F1A      648         0
                text2                              2A8E     2A8E      1BA         0
                text1                              1056     1056      EC4         0
                text0                              2D9A     2D9A      14A         0
                cinit                              3A34     3A34       6A         0
                idataBANK1                         3CF2     3CF2       39         0
                idataBANK0                         3DF0     3DF0        9         0

        CLASS   CONST          

        CLASS   SMALLCONST     
                smallconst                         1000     1000       56         0

        CLASS   MEDIUMCONST    

        CLASS   COMRAM         
                temp                                 7F       7F        1         1
                cstackCOMRAM                          1        1       7A         1
                bssCOMRAM                            7B       7B        4         1

        CLASS   ABS1           

        CLASS   BIGRAM         

        CLASS   RAM            

        CLASS   BANK0          
                cstackBANK0                          80       80       53         1
                dataBANK0                            F7       F7        9         1
                bssBANK0                             D3       D3       24         1

        CLASS   BANK1          
                dataBANK1                           100      100       39         1
                bssBANK1                            139      139       26         1
                nvBANK1                             15F      15F        1         1

        CLASS   BANK2          

        CLASS   BANK3          

        CLASS   BANK4          

        CLASS   BANK5          

        CLASS   BANK6          

        CLASS   BANK7          

        CLASS   BANK8          

        CLASS   BANK9          

        CLASS   BANK10         

        CLASS   BANK11         

        CLASS   BANK12         

        CLASS   BANK13         

        CLASS   BANK14         

        CLASS   BANK15         

        CLASS   SFR            

        CLASS   BIGSFR         

        CLASS   CONFIG         
                config                           300000   300000        E         4

        CLASS   IDLOC          

        CLASS   EEDATA         

        CLASS   FARRAM         

        CLASS   HEAP           

        CLASS   STACK          



SEGMENTS        Name                           Load    Length   Top    Selector   Space  Class

                reset_vec                      000000  000004  000004         0       0  CODE    
                cstackCOMRAM                   000001  00007F  000080         1       1  COMRAM  
                intcode                        000008  00000A  000012         4       0  CODE    
                cstackBANK0                    000080  000080  000100        80       1  BANK0   
                dataBANK1                      000100  000060  000160       100       1  BANK1   
                smallconst                     001000  000056  001056       800       0  SMALLCON
                text1                          001056  002CD5  003D2B       82B       0  CODE    
                text6                          003D2C  0000CD  003DF9      1E96       0  CODE    
                text36                         003DFA  00000E  003E08      1EFD       0  CODE    


UNUSED ADDRESS RANGES

        Name                Unused          Largest block    Delta
        BANK1            000160-0001FF               A0
        BANK10           000A00-000AFF              100
        BANK11           000B00-000BFF              100
        BANK12           000C00-000CFF              100
        BANK13           000D00-000DFF              100
        BANK14           000E00-000EFF              100
        BANK15           000F00-000F7F               80
        BANK2            000200-0002FF              100
        BANK3            000300-0003FF              100
        BANK4            000400-0004FF              100
        BANK5            000500-0005FF              100
        BANK6            000600-0006FF              100
        BANK7            000700-0007FF              100
        BANK8            000800-0008FF              100
        BANK9            000900-0009FF              100
        BIGRAM           000160-000F7F              E20
        BIGSFR           000F80-000FFF               80
        CODE             000004-000007                4
                         000012-000FFF              FEE
                         003D2B-003D2B                1
                         003DF9-003DF9                1
                         003E08-00FFFF             C1F8
        CONST            000004-000007                4
                         000012-000FFF              FEE
                         003D2B-003D2B                1
                         003DF9-003DF9                1
                         003E08-00FFFF             C1F8
        EEDATA           F00000-F003FF              400
        IDLOC            200000-200007                8
        MEDIUMCONST      003D2B-003D2B                1
                         003DF9-003DF9                1
                         003E08-00FFFF             C1F8
        RAM              000160-000F7F              100
        SFR              000F80-000FFF               80
        SMALLCONST       003D2B-003D2B                1
                         003DF9-003DF9                1
                         003E08-00FFFF              100

                                  Symbol Table

?___lodiv                                     cstackCOMRAM 000001
?___lomod                                     cstackCOMRAM 000001
?___lwdiv                                     cstackCOMRAM 000001
?___omul                                      cstackCOMRAM 000001
?___wmul                                      cstackCOMRAM 000001
?_a_power_b                                   cstackCOMRAM 000007
?_sprintf                                     cstackCOMRAM 000033
?_vfprintf                                    cstackCOMRAM 00002F
LCD_4BIT_SEND_ENABLE@LCD                      cstackCOMRAM 00000B
LCD_SEND_4BITS@LCD                            cstackCOMRAM 00000B
LCD_SEND_4BITS@command                        cstackCOMRAM 00000C
LCD_SEND_4BITS@i                              cstackCOMRAM 000010
_IN0_Interupt_Handler                         bssBANK0     0000E1
_IN1_Interupt_Handler                         bssBANK0     0000DF
_IN2_Interupt_Handler                         bssBANK0     0000DD
_INT0                                         (abs)        007C08
_INT0_ISR                                     text38       003E02
_INT1                                         (abs)        007C09
_INT1_ISR                                     text37       003DFE
_INT2                                         (abs)        007C0A
_INT2_ISR                                     text36       003DFA
_INTCON2bits                                  (abs)        000FF1
_INTCON3bits                                  (abs)        000FF0
_INTCONbits                                   (abs)        000FF2
_InteruptManager                              intcode      000008
_LATA                                         (abs)        000F89
_LATB                                         (abs)        000F8A
_LATC                                         (abs)        000F8B
_LATD                                         (abs)        000F8C
_LATE                                         (abs)        000F8D
_LCD_4BIT_SEND_ENABLE                         text26       003C6A
_LCD_SEND_4BITS                               text25       00395C
_Num                                          bssBANK0     0000D3
_Num1                                         bssBANK0     0000ED
_Num2                                         bssBANK0     0000E5
_Operator                                     bssBANK0     0000E4
_PORTA                                        (abs)        000F80
_PORTB                                        (abs)        000F81
_PORTC                                        (abs)        000F82
_PORTD                                        (abs)        000F83
_PORTE                                        (abs)        000F84
_T0CONbits                                    (abs)        000FD5
_TMR0H                                        (abs)        000FD7
_TMR0L                                        (abs)        000FD6
_TMR0_ISR                                     text35       003DE2
_TMR0_Interupt_Handler                        bssBANK1     00015D
_TRISA                                        (abs)        000F92
_TRISB                                        (abs)        000F93
_TRISC                                        (abs)        000F94
_TRISD                                        (abs)        000F95
_TRISE                                        (abs)        000F96
__HRAM                                        (abs)        000000
__H__absolute__                               __absolute__ 000000
__Habs1                                       abs1         000000
__Hbank0                                      bank0        000000
__Hbank1                                      bank1        000000
__Hbank10                                     bank10       000000
__Hbank11                                     bank11       000000
__Hbank12                                     bank12       000000
__Hbank13                                     bank13       000000
__Hbank14                                     bank14       000000
__Hbank15                                     bank15       000000
__Hbank2                                      bank2        000000
__Hbank3                                      bank3        000000
__Hbank4                                      bank4        000000
__Hbank5                                      bank5        000000
__Hbank6                                      bank6        000000
__Hbank7                                      bank7        000000
__Hbank8                                      bank8        000000
__Hbank9                                      bank9        000000
__Hbigbss                                     bigbss       000000
__Hbigdata                                    bigdata      000000
__Hbigram                                     bigram       000000
__Hbigsfr                                     bigsfr       000000
__Hbss                                        bss          000000
__HbssBANK0                                   bssBANK0     000000
__HbssBANK1                                   bssBANK1     000000
__HbssCOMRAM                                  bssCOMRAM    000000
__Hcinit                                      cinit        000000
__Hclrtext                                    clrtext      000000
__Hcomram                                     comram       000000
__Hconfig                                     config       30000E
__Hconst                                      const        000000
__HcstackBANK0                                cstackBANK0  000000
__HcstackCOMRAM                               cstackCOMRAM 000000
__Hdata                                       data         000000
__HdataBANK0                                  dataBANK0    000000
__HdataBANK1                                  dataBANK1    000000
__Heeprom_data                                eeprom_data  000000
__Hfarbss                                     farbss       000000
__Hfardata                                    fardata      000000
__Hheap                                       heap         000000
__Hibigdata                                   ibigdata     000000
__Hidata                                      idata        000000
__HidataBANK0                                 idataBANK0   000000
__HidataBANK1                                 idataBANK1   000000
__Hidloc                                      idloc        000000
__Hifardata                                   ifardata     000000
__Hinit                                       init         000012
__Hintcode                                    intcode      00000E
__Hintcode_body                               intcode_body 000000
__Hintcodelo                                  intcodelo    00000E
__Hintentry                                   intentry     000000
__Hintret                                     intret       000000
__Hintsave_regs                               intsave_regs 000000
__Hirdata                                     irdata       000000
__Hmediumconst                                mediumconst  000000
__HnvBANK1                                    nvBANK1      000000
__HnvFARRAM                                   nvFARRAM     000000
__Hnvbit                                      nvbit        000000
__Hnvrram                                     nvrram       000000
__Hparam                                      rparam       000000
__Hpowerup                                    powerup      00000E
__Hram                                        ram          000000
__Hramtop                                     ramtop       001000
__Hrbit                                       rbit         000000
__Hrbss                                       rbss         000000
__Hrdata                                      rdata        000000
__Hreset_vec                                  reset_vec    000004
__Hrparam                                     rparam       000000
__Hsfr                                        sfr          000000
__Hsmallconst                                 smallconst   001056
__Hspace_0                                    (abs)        003E08
__Hspace_1                                    (abs)        000160
__Hspace_2                                    (abs)        000000
__Hspace_4                                    (abs)        60000E
__Hstack                                      stack        000000
__Hstruct                                     struct       000000
__Htemp                                       temp         000080
__Htext                                       text         000000
__Htext0                                      text0        000000
__Htext1                                      text1        000000
__Htext10                                     text10       000000
__Htext11                                     text11       000000
__Htext12                                     text12       000000
__Htext13                                     text13       000000
__Htext14                                     text14       000000
__Htext15                                     text15       000000
__Htext16                                     text16       000000
__Htext17                                     text17       000000
__Htext18                                     text18       000000
__Htext19                                     text19       000000
__Htext2                                      text2        000000
__Htext20                                     text20       000000
__Htext21                                     text21       000000
__Htext22                                     text22       000000
__Htext23                                     text23       000000
__Htext24                                     text24       000000
__Htext25                                     text25       000000
__Htext26                                     text26       000000
__Htext27                                     text27       000000
__Htext28                                     text28       000000
__Htext29                                     text29       000000
__Htext3                                      text3        000000
__Htext30                                     text30       000000
__Htext31                                     text31       000000
__Htext32                                     text32       000000
__Htext33                                     text33       000000
__Htext35                                     text35       000000
__Htext36                                     text36       000000
__Htext37                                     text37       000000
__Htext38                                     text38       000000
__Htext4                                      text4        000000
__Htext5                                      text5        000000
__Htext6                                      text6        000000
__Htext7                                      text7        000000
__Htext8                                      text8        000000
__Htext9                                      text9        000000
__LRAM                                        (abs)        000001
__L__absolute__                               __absolute__ 000000
__Labs1                                       abs1         000000
__Lbank0                                      bank0        000000
__Lbank1                                      bank1        000000
__Lbank10                                     bank10       000000
__Lbank11                                     bank11       000000
__Lbank12                                     bank12       000000
__Lbank13                                     bank13       000000
__Lbank14                                     bank14       000000
__Lbank15                                     bank15       000000
__Lbank2                                      bank2        000000
__Lbank3                                      bank3        000000
__Lbank4                                      bank4        000000
__Lbank5                                      bank5        000000
__Lbank6                                      bank6        000000
__Lbank7                                      bank7        000000
__Lbank8                                      bank8        000000
__Lbank9                                      bank9        000000
__Lbigbss                                     bigbss       000000
__Lbigdata                                    bigdata      000000
__Lbigram                                     bigram       000000
__Lbigsfr                                     bigsfr       000000
__Lbss                                        bss          000000
__LbssBANK0                                   bssBANK0     000000
__LbssBANK1                                   bssBANK1     000000
__LbssCOMRAM                                  bssCOMRAM    000000
__Lcinit                                      cinit        000000
__Lclrtext                                    clrtext      000000
__Lcomram                                     comram       000000
__Lconfig                                     config       000000
__Lconst                                      const        000000
__LcstackBANK0                                cstackBANK0  000000
__LcstackCOMRAM                               cstackCOMRAM 000000
__Ldata                                       data         000000
__LdataBANK0                                  dataBANK0    000000
__LdataBANK1                                  dataBANK1    000000
__Leeprom_data                                eeprom_data  000000
__Lfarbss                                     farbss       000000
__Lfardata                                    fardata      000000
__Lheap                                       heap         000000
__Libigdata                                   ibigdata     000000
__Lidata                                      idata        000000
__LidataBANK0                                 idataBANK0   000000
__LidataBANK1                                 idataBANK1   000000
__Lidloc                                      idloc        000000
__Lifardata                                   ifardata     000000
__Linit                                       init         00000E
__Lintcode                                    intcode      000008
__Lintcode_body                               intcode_body 000000
__Lintcodelo                                  intcodelo    00000E
__Lintentry                                   intentry     000000
__Lintret                                     intret       000000
__Lintsave_regs                               intsave_regs 000000
__Lirdata                                     irdata       000000
__Lmediumconst                                mediumconst  000000
__LnvBANK1                                    nvBANK1      000000
__LnvFARRAM                                   nvFARRAM     000000
__Lnvbit                                      nvbit        000000
__Lnvrram                                     nvrram       000000
__Lparam                                      rparam       000000
__Lpowerup                                    powerup      00000E
__Lram                                        ram          000000
__Lramtop                                     ramtop       001000
__Lrbit                                       rbit         000000
__Lrbss                                       rbss         000000
__Lrdata                                      rdata        000000
__Lreset_vec                                  reset_vec    000000
__Lrparam                                     rparam       000000
__Lsfr                                        sfr          000000
__Lsmallconst                                 smallconst   001000
__Lspace_0                                    (abs)        000000
__Lspace_1                                    (abs)        000000
__Lspace_2                                    (abs)        000000
__Lspace_4                                    (abs)        000000
__Lstack                                      stack        000000
__Lstruct                                     struct       000000
__Ltemp                                       temp         00007F
__Ltext                                       text         000000
__Ltext0                                      text0        000000
__Ltext1                                      text1        000000
__Ltext10                                     text10       000000
__Ltext11                                     text11       000000
__Ltext12                                     text12       000000
__Ltext13                                     text13       000000
__Ltext14                                     text14       000000
__Ltext15                                     text15       000000
__Ltext16                                     text16       000000
__Ltext17                                     text17       000000
__Ltext18                                     text18       000000
__Ltext19                                     text19       000000
__Ltext2                                      text2        000000
__Ltext20                                     text20       000000
__Ltext21                                     text21       000000
__Ltext22                                     text22       000000
__Ltext23                                     text23       000000
__Ltext24                                     text24       000000
__Ltext25                                     text25       000000
__Ltext26                                     text26       000000
__Ltext27                                     text27       000000
__Ltext28                                     text28       000000
__Ltext29                                     text29       000000
__Ltext3                                      text3        000000
__Ltext30                                     text30       000000
__Ltext31                                     text31       000000
__Ltext32                                     text32       000000
__Ltext33                                     text33       000000
__Ltext35                                     text35       000000
__Ltext36                                     text36       000000
__Ltext37                                     text37       000000
__Ltext38                                     text38       000000
__Ltext4                                      text4        000000
__Ltext5                                      text5        000000
__Ltext6                                      text6        000000
__Ltext7                                      text7        000000
__Ltext8                                      text8        000000
__Ltext9                                      text9        000000
__S0                                          (abs)        003E08
__S1                                          (abs)        000160
__S4                                          (abs)        000000
__S5                                          (abs)        000000
___heap_hi                                    (abs)        000000
___heap_lo                                    (abs)        000000
___inthi_sp                                   stack        000000
___inthi_stack_hi                             stack        000000
___inthi_stack_lo                             stack        000000
___intlo_sp                                   stack        000000
___intlo_stack_hi                             stack        000000
___intlo_stack_lo                             stack        000000
___lodiv                                      text12       00329A
___lodiv@counter                              cstackCOMRAM 000019
___lodiv@dividend                             cstackCOMRAM 000001
___lodiv@divisor                              cstackCOMRAM 000009
___lodiv@quotient                             cstackCOMRAM 000011
___lomod                                      text11       00338A
___lomod@counter                              cstackCOMRAM 000011
___lomod@dividend                             cstackCOMRAM 000001
___lomod@divisor                              cstackCOMRAM 000009
___lwdiv                                      text17       003874
___lwdiv@counter                              cstackCOMRAM 000007
___lwdiv@dividend                             cstackCOMRAM 000001
___lwdiv@divisor                              cstackCOMRAM 000003
___lwdiv@quotient                             cstackCOMRAM 000005
___omul                                       text16       003504
___omul@multiplicand                          cstackCOMRAM 000009
___omul@multiplier                            cstackCOMRAM 000001
___omul@product                               cstackCOMRAM 000011
___param_bank                                 (abs)        000000
___rparam_used                                (abs)        000001
___sp                                         stack        000000
___stack_hi                                   stack        000000
___stack_lo                                   stack        000000
___wmul                                       text15       003DBC
___wmul@multiplicand                          cstackCOMRAM 000003
___wmul@multiplier                            cstackCOMRAM 000001
___wmul@product                               cstackCOMRAM 000005
__accesstop                                   (abs)        000080
__activetblptr                                (abs)        000003
__end_of_INT0_ISR                             text38       003E06
__end_of_INT1_ISR                             text37       003E02
__end_of_INT2_ISR                             text36       003DFE
__end_of_InteruptManager                      intcode_body 0037F0
__end_of_LCD_4BIT_SEND_ENABLE                 text26       003CB2
__end_of_LCD_SEND_4BITS                       text25       0039C8
__end_of_TMR0_ISR                             text35       003DF0
__end_of___lodiv                              text12       00338A
__end_of___lomod                              text11       00345A
__end_of___lwdiv                              text17       0038E8
__end_of___omul                               text16       0035A2
__end_of___wmul                               text15       003DE2
__end_of__initialization                      cinit        003A94
__end_of_a_power_b                            text14       003B00
__end_of_button_initialize                    text32       003DBC
__end_of_button_read_state                    text30       0036D6
__end_of_calculate_results_binary_octal       text3        002562
__end_of_calculate_results_decimal            text2        002C48
__end_of_convert_int_to_string                text5        003C16
__end_of_fputc                                text9        003504
__end_of_gpio_pin_direction_inti              text33       00316E
__end_of_gpio_pin_inti                        text28       003A34
__end_of_gpio_pin_read_logic                  text31       00376A
__end_of_gpio_pin_write_logic                 text29       00329A
__end_of_keypad_get_value                     text22       002D9A
__end_of_keypad_initi                         text27       00363E
__end_of_lcd_4bit_initi                       text23       00302A
__end_of_lcd_4bit_print_char                  text21       003B5E
__end_of_lcd_4bit_print_int                   text4        003C6A
__end_of_lcd_4bit_print_string                text20       003874
__end_of_lcd_4bit_send_command                text24       003BBC
__end_of_lcd_4bit_set_cursor                  text19       00395C
__end_of_main                                 text0        002EE4
__end_of_memset                               text13       003D90
__end_of_mode_select_menu                     text18       002A8E
__end_of_print_numbers                        text1        001F1A
__end_of_putch                                text10       003E08
__end_of_sprintf                              text6        003D60
__end_of_vfpfcnvrt                            text8        002888
__end_of_vfprintf                             text7        003CF2
__initialization                              cinit        003A34
__mediumconst                                 mediumconst  000000
__pbssBANK0                                   bssBANK0     0000D3
__pbssBANK1                                   bssBANK1     000139
__pbssCOMRAM                                  bssCOMRAM    00007B
__pcinit                                      cinit        003A34
__pcstackBANK0                                cstackBANK0  000080
__pcstackCOMRAM                               cstackCOMRAM 000001
__pdataBANK0                                  dataBANK0    0000F7
__pdataBANK1                                  dataBANK1    000100
__pidataBANK0                                 idataBANK0   003DF0
__pidataBANK1                                 idataBANK1   003CF2
__pintcode                                    intcode      000008
__pintcode_body                               intcode_body 00376A
__pnvBANK1                                    nvBANK1      00015F
__psmallconst                                 smallconst   001000
__ptext0                                      text0        002D9A
__ptext1                                      text1        001056
__ptext10                                     text10       003E06
__ptext11                                     text11       00338A
__ptext12                                     text12       00329A
__ptext13                                     text13       003D60
__ptext14                                     text14       003A9E
__ptext15                                     text15       003DBC
__ptext16                                     text16       003504
__ptext17                                     text17       003874
__ptext18                                     text18       002888
__ptext19                                     text19       0038E8
__ptext2                                      text2        002A8E
__ptext20                                     text20       0037F0
__ptext21                                     text21       003B00
__ptext22                                     text22       002C48
__ptext23                                     text23       002EE4
__ptext24                                     text24       003B5E
__ptext25                                     text25       00395C
__ptext26                                     text26       003C6A
__ptext27                                     text27       0035A2
__ptext28                                     text28       0039C8
__ptext29                                     text29       00316E
__ptext3                                      text3        001F1A
__ptext30                                     text30       00363E
__ptext31                                     text31       0036D6
__ptext32                                     text32       003D90
__ptext33                                     text33       00302A
__ptext35                                     text35       003DE2
__ptext36                                     text36       003DFA
__ptext37                                     text37       003DFE
__ptext38                                     text38       003E02
__ptext4                                      text4        003C16
__ptext5                                      text5        003BBC
__ptext6                                      text6        003D2C
__ptext7                                      text7        003CB2
__ptext8                                      text8        002562
__ptext9                                      text9        00345A
__ramtop                                      ramtop       001000
__smallconst                                  smallconst   001000
_a_power_b                                    text14       003A9E
_button                                       dataBANK1    000136
_button_initialize                            text32       003D90
_button_read_state                            text30       00363E
_button_state                                 bssBANK0     0000F6
_calculate_results_binary_octal               text3        001F1A
_calculate_results_binary_octal$1936          cstackBANK0  0000C1
_calculate_results_decimal                    text2        002A8E
_convert_int_to_string                        text5        003BBC
_dbuf                                         bssBANK1     000139
_flags                                        bssBANK0     0000E3
_fputc                                        text9        00345A
_gpio_pin_direction_inti                      text33       00302A
_gpio_pin_inti                                text28       0039C8
_gpio_pin_read_logic                          text31       0036D6
_gpio_pin_write_logic                         text29       00316E
_key                                          bssBANK0     0000F5
_keypad                                       dataBANK1    00012E
_keypad_content                               dataBANK1    000100
_keypad_get_value                             text22       002C48
_keypad_initi                                 text27       0035A2
_lat_register                                 dataBANK1    00011A
_lcd                                          dataBANK0    0000FA
_lcd_4bit_initi                               text23       002EE4
_lcd_4bit_print_char                          text21       003B00
_lcd_4bit_print_int                           text4        003C16
_lcd_4bit_print_string                        text20       0037F0
_lcd_4bit_send_command                        text24       003B5E
_lcd_4bit_set_cursor                          text19       0038E8
_led                                          dataBANK0    0000F9
_led1                                         dataBANK0    0000F8
_main                                         text0        002D9A
_memset                                       text13       003D60
_mode                                         dataBANK0    0000F7
_mode_select_menu                             text18       002888
_port_register                                dataBANK1    000110
_prec                                         bssBANK1     00015B
_preload                                      bssBANK0     0000DB
_print_numbers                                text1        001056
_putch                                        text10       003E06
_ret                                          nvBANK1      00015F
_sprintf                                      text6        003D2C
_tris_register                                dataBANK1    000124
_vfpfcnvrt                                    text8        002562
_vfprintf                                     text7        003CB2
_width                                        bssBANK1     000159
a_power_b@a                                   cstackCOMRAM 00000C
a_power_b@ans                                 cstackCOMRAM 00000F
a_power_b@b                                   cstackCOMRAM 000007
a_power_b@i                                   cstackCOMRAM 00000D
btemp                                         temp         00007F
button_initialize@btn                         cstackCOMRAM 00000A
button_initialize@ret                         cstackCOMRAM 00000C
button_read_state@Pin_Logic_Status            cstackCOMRAM 00000D
button_read_state@btn                         cstackCOMRAM 000008
button_read_state@btn_state                   cstackCOMRAM 00000A
button_read_state@ret                         cstackCOMRAM 00000C
calculate_results_binary_octal@Dec1           cstackBANK0  0000C6
calculate_results_binary_octal@Dec2           cstackBANK0  0000C4
calculate_results_binary_octal@conversion_arr cstackBANK0  000080
calculate_results_binary_octal@i              cstackBANK0  0000CA
calculate_results_binary_octal@j              cstackBANK0  0000C8
calculate_results_binary_octal@remainder      cstackBANK0  0000C3
calculate_results_binary_octal@temp           cstackBANK0  0000CB
convert_int_to_string@str                     cstackCOMRAM 000052
convert_int_to_string@value                   cstackCOMRAM 00004A
end_of_initialization                         cinit        003A94
fputc@c                                       cstackCOMRAM 000001
fputc@fp                                      cstackCOMRAM 000003
gpio_pin_direction_inti@pin_config            cstackCOMRAM 000001
gpio_pin_direction_inti@ret                   cstackCOMRAM 000009
gpio_pin_inti@pin_config                      cstackCOMRAM 00000B
gpio_pin_inti@ret                             cstackCOMRAM 00000E
gpio_pin_read_logic@pin_config                cstackCOMRAM 000001
gpio_pin_write_logic@logic                    cstackCOMRAM 000003
gpio_pin_write_logic@pin_config               cstackCOMRAM 000001
gpio_pin_write_logic@ret                      cstackCOMRAM 00000A
int$flags                                     temp         00007F
int_func                                      intcode_body 00376A
intlevel0                                     text         000000
intlevel1                                     text         000000
intlevel2                                     text         000000
intlevel3                                     text         000000
isa$std                                       (abs)        000001
isa$xinst                                     (abs)        000000
keypad_get_value@cols                         cstackCOMRAM 000018
keypad_get_value@i                            cstackCOMRAM 000014
keypad_get_value@keypad                       cstackCOMRAM 00000B
keypad_get_value@logic_state                  cstackCOMRAM 000012
keypad_get_value@ret                          cstackCOMRAM 000013
keypad_get_value@rows                         cstackCOMRAM 000016
keypad_get_value@value                        cstackCOMRAM 00000D
keypad_initi@i                                cstackCOMRAM 000014
keypad_initi@i_113                            cstackCOMRAM 000016
keypad_initi@keypad                           cstackCOMRAM 00000F
keypad_initi@ret                              cstackCOMRAM 000013
lcd_4bit_initi@LCD                            cstackCOMRAM 000016
lcd_4bit_initi@i                              cstackCOMRAM 000018
lcd_4bit_initi@ret                            cstackCOMRAM 00001A
lcd_4bit_print_char@LCD                       cstackCOMRAM 000012
lcd_4bit_print_char@data                      cstackCOMRAM 000013
lcd_4bit_print_char@ret                       cstackCOMRAM 000015
lcd_4bit_print_int@LCD                        cstackCOMRAM 000053
lcd_4bit_print_int@ret                        cstackCOMRAM 000067
lcd_4bit_print_int@str                        cstackCOMRAM 00005C
lcd_4bit_print_int@value                      cstackCOMRAM 000054
lcd_4bit_print_string@LCD                     cstackCOMRAM 000016
lcd_4bit_print_string@Str                     cstackCOMRAM 000017
lcd_4bit_print_string@ret                     cstackCOMRAM 000019
lcd_4bit_send_command@LCD                     cstackCOMRAM 000012
lcd_4bit_send_command@command                 cstackCOMRAM 000013
lcd_4bit_send_command@ret                     cstackCOMRAM 000015
lcd_4bit_set_cursor@Cols                      cstackCOMRAM 000017
lcd_4bit_set_cursor@LCD                       cstackCOMRAM 000016
lcd_4bit_set_cursor@Rows                      cstackCOMRAM 000018
lcd_4bit_set_cursor@ret                       cstackCOMRAM 00001B
led_inti@F3059                                bssCOMRAM    00007E
led_toggle@F3074                              bssCOMRAM    00007B
led_turn_off@F3069                            bssCOMRAM    00007C
led_turn_on@F3064                             bssCOMRAM    00007D
memset@c                                      cstackCOMRAM 000002
memset@dest                                   cstackCOMRAM 000001
memset@n                                      cstackCOMRAM 000004
memset@p                                      cstackCOMRAM 000006
sprintf@ap                                    cstackCOMRAM 00003D
sprintf@f                                     cstackCOMRAM 00003E
sprintf@fmt                                   cstackCOMRAM 000034
sprintf@s                                     cstackCOMRAM 000033
stackhi                                       (abs)        000000
stacklo                                       (abs)        000000
start                                         init         00000E
start_initialization                          cinit        003A34
ttemp5                                        temp         000080
ttemp6                                        temp         000083
ttemp7                                        temp         000087
vfpfcnvrt@ap                                  cstackCOMRAM 00001C
vfpfcnvrt@c                                   cstackCOMRAM 00002E
vfpfcnvrt@convarg                             cstackCOMRAM 000025
vfpfcnvrt@cp                                  cstackCOMRAM 00002D
vfpfcnvrt@fmt                                 cstackCOMRAM 00001B
vfpfcnvrt@fp                                  cstackCOMRAM 00001A
vfprintf@ap                                   cstackCOMRAM 000031
vfprintf@cfmt                                 cstackCOMRAM 000032
vfprintf@fmt                                  cstackCOMRAM 000030
vfprintf@fp                                   cstackCOMRAM 00002F
wtemp8                                        temp         000080


MODULE INFORMATION

Module		Function		Class		Link	Load	Size
C:\Program Files\Microchip\xc8\v2.45\pic\sources\c99\common\Umul64.c
		___omul        		CODE           	3504	0000	158

C:\Program Files\Microchip\xc8\v2.45\pic\sources\c99\common\Umul64.c estimated size: 158

C:\Program Files\Microchip\xc8\v2.45\pic\sources\c99\common\Umul16.c
		___wmul        		CODE           	3DBC	0000	38

C:\Program Files\Microchip\xc8\v2.45\pic\sources\c99\common\Umul16.c estimated size: 38

ECU-Layer/BUTTON/ecu_button.c
		_button_read_state		CODE           	363E	0000	152
		_button_initialize		CODE           	3D90	0000	44

ECU-Layer/BUTTON/ecu_button.c estimated size: 196

MCAL_Layer/Interupt/hal_ext_interupt.c
		_INT0_ISR      		CODE           	3E02	0000	4
		_INT1_ISR      		CODE           	3DFE	0000	4
		_INT2_ISR      		CODE           	3DFA	0000	4

MCAL_Layer/Interupt/hal_ext_interupt.c estimated size: 12

ECU-Layer/KEYPAD/ecu_keypad.c
		_keypad_initi  		CODE           	35A2	0000	156
		_keypad_get_value		CODE           	2C48	0000	338

ECU-Layer/KEYPAD/ecu_keypad.c estimated size: 494

C:\Program Files\Microchip\xc8\v2.45\pic\sources\c99\common\lomod.c
		___lomod       		CODE           	338A	0000	208

C:\Program Files\Microchip\xc8\v2.45\pic\sources\c99\common\lomod.c estimated size: 208

C:\Program Files\Microchip\xc8\v2.45\pic\sources\c99\common\nf_sprintf.c
		_sprintf       		CODE           	3D2C	0000	52

C:\Program Files\Microchip\xc8\v2.45\pic\sources\c99\common\nf_sprintf.c estimated size: 52

C:\Program Files\Microchip\xc8\v2.45\pic\sources\c99\common\putch.c
		_putch         		CODE           	3E06	0000	2

C:\Program Files\Microchip\xc8\v2.45\pic\sources\c99\common\putch.c estimated size: 2

shared
		__initialization		CODE           	3A34	0000	96

shared estimated size: 96

app.c
		_calculate_results_decimal		CODE           	2A8E	0000	442
		_calculate_results_binary_octal		CODE           	1F1A	0000	1608
		_print_numbers 		CODE           	1056	0000	3780
		_a_power_b     		CODE           	3A9E	0000	98
		_mode_select_menu		CODE           	2888	0000	518
		_main          		CODE           	2D9A	0000	330

app.c estimated size: 6776

MCAL_Layer/GPIO/hal_gpio.c
		_gpio_pin_write_logic		CODE           	316E	0000	300
		_gpio_pin_read_logic		CODE           	36D6	0000	148
		_gpio_pin_direction_inti		CODE           	302A	0000	324
		_gpio_pin_inti 		CODE           	39C8	0000	108

MCAL_Layer/GPIO/hal_gpio.c estimated size: 880

C:\Program Files\Microchip\xc8\v2.45\pic\sources\c99\common\memset.c
		_memset        		CODE           	3D60	0000	48

C:\Program Files\Microchip\xc8\v2.45\pic\sources\c99\common\memset.c estimated size: 48

C:\Program Files\Microchip\xc8\v2.45\pic\sources\c99\common\lodiv.c
		___lodiv       		CODE           	329A	0000	240

C:\Program Files\Microchip\xc8\v2.45\pic\sources\c99\common\lodiv.c estimated size: 240

ECU-Layer/LCD/ecu_lcd.c
		_lcd_4bit_initi		CODE           	2EE4	0000	326
		_lcd_4bit_send_command		CODE           	3B5E	0000	94
		_lcd_4bit_print_string		CODE           	37F0	0000	132
		_LCD_SEND_4BITS		CODE           	395C	0000	108
		_convert_int_to_string		CODE           	3BBC	0000	90
		_LCD_4BIT_SEND_ENABLE		CODE           	3C6A	0000	72
		_lcd_4bit_set_cursor		CODE           	38E8	0000	116
		_lcd_4bit_print_int		CODE           	3C16	0000	84
		_lcd_4bit_print_char		CODE           	3B00	0000	94

ECU-Layer/LCD/ecu_lcd.c estimated size: 1116

C:\Program Files\Microchip\xc8\v2.45\pic\sources\c99\common\nf_fputc.c
		_fputc         		CODE           	345A	0000	170

C:\Program Files\Microchip\xc8\v2.45\pic\sources\c99\common\nf_fputc.c estimated size: 170

C:\Program Files\Microchip\xc8\v2.45\pic\sources\c99\common\doprnt.c
		_vfpfcnvrt     		CODE           	2562	0000	806
		_vfprintf      		CODE           	3CB2	0000	64

C:\Program Files\Microchip\xc8\v2.45\pic\sources\c99\common\doprnt.c estimated size: 870

C:\Program Files\Microchip\xc8\v2.45\pic\sources\c99\common\lwdiv.c
		___lwdiv       		CODE           	3874	0000	116

C:\Program Files\Microchip\xc8\v2.45\pic\sources\c99\common\lwdiv.c estimated size: 116

MCAL_Layer/Interupt/hal_interupt_manger.c
		_InteruptManager		CODE           	0008	0000	140

MCAL_Layer/Interupt/hal_interupt_manger.c estimated size: 140

MCAL_Layer/Timer0/hal_timer0.c
		_TMR0_ISR      		CODE           	3DE2	0000	14

MCAL_Layer/Timer0/hal_timer0.c estimated size: 14

